Fri Aug 20 17:18:40 CEST 2021
/home/dmastrop/projects/Python/lib/estimators.py:3420: FutureWarning: from_items is deprecated. Please use DataFrame.from_dict(dict(items), ...) instead. DataFrame.from_dict(OrderedDict(items)) may be used to preserve the key order.
  ('Blocking Time Estimate', self.blocking_time_estimate)])
/home/dmastrop/projects/Python/lib/estimators.py:3306: FutureWarning: from_items is deprecated. Please use DataFrame.from_dict(dict(items), ...) instead. DataFrame.from_dict(OrderedDict(items)) may be used to preserve the key order.
  return pd.DataFrame.from_items([('t', self.sk), ('P(T>t / s=1)', proba_surv_by_t)])
test_QB.py:822: FutureWarning: from_items is deprecated. Please use DataFrame.from_dict(dict(items), ...) instead. DataFrame.from_dict(OrderedDict(items)) may be used to preserve the key order.
  ('ratio_mc_fv_events', [dict_stats_mc.get('nevents') is None and np.nan or dict_stats_mc.get('nevents') / dict_stats_fv['nevents']]),
/usr/lib64/python3.6/site-packages/matplotlib/pyplot.py:514: RuntimeWarning: More than 20 figures have been opened. Figures created through the pyplot interface (`matplotlib.pyplot.figure`) are retained until explicitly closed and may consume too much memory. (To control this warning, see the rcParam `figure.max_open_warning`).
  max_open_warning, RuntimeWarning)
/home/dmastrop/projects/Python/lib/utils/plotting.py:363: UserWarning: More than one subplot was requested but all 'x' and 'y' variables to plot are the same.
  warn("More than one subplot was requested but all 'x' and 'y' variables to plot are the same.")
Directory:
/home/dmastrop/projects
has been prepended to the module search path.
User arguments: ['test_QB.py', '3', 'J', '15', '9']
Parsed user arguments: ['test_QB.py', '3', 'J', '15', '9', 1, 'save']

Execution parameters:
nservers=3
var_analysis=J
replications=15
tests2run=[9]
run_mc=False
save_results=True
Log file '../../RL-002-QueueBlocking/logs/estimates_vs_J_20210820_171842.log' has been open for output.
Started at: 2021-08-20 17:18:42
Ended at: 2021-09-04 19:21:32
Execution time: 21722.8 min, 362.0 hours
Sat Sep  4 19:21:40 CEST 2021
